
> intento-app@1.0.0 build
> vite build && electron-builder

node.exe : [33mThe CJS build of Vite's Node API is deprecated. 
See https://vite.dev/guide/troubleshooting.html#vite-cjs-node-api
-deprecated for more details.[39m
At line:1 char:1
+ & "C:\Program Files\nodejs/node.exe" "C:\Users\FEROZ 
RAHIL\AppData\Ro ...
+ ~~~~~~~~~~~~~~~~~~~~~~~~~~~~~~~~~~~~~~~~~~~~~~~~~~~~~~~~~~~~~~~
~~~~~~
    + CategoryInfo          : NotSpecified: ([33mThe CJS bu...e 
    details.[39m:String) [], RemoteException
    + FullyQualifiedErrorId : NativeCommandError
 
[36mvite v5.4.21 [32mbuilding for production...[36m[39m
transforming...
[32mΓ£ô[39m 1476 modules transformed.
rendering chunks...
computing gzip size...
[2m../../dist/[22m[32mindex.html                 [39m[1m[2m  0.39 kB[22m[1m[22m[2m Γöé gzip:  0.27 kB[22m
[2m../../dist/[22m[35massets/index-CmZ4ddeV.css  [39m[1m[2m  3.50 kB[22m[1m[22m[2m Γöé gzip:  1.13 kB[22m
[2m../../dist/[22m[36massets/index-CVeZSaPH.js   [39m[1m[2m148.46 kB[22m[1m[22m[2m Γöé gzip: 48.07 kB[22m
[32mΓ£ô built in 4.09s[39m
  ΓÇó electron-builder  version=24.13.3 os=10.0.26200
  ΓÇó loaded configuration  file=package.json ("build" field)
  ΓÇó author is missed in the package.json  appPackageFile=C:\Users\FEROZ RAHIL\Desktop\Intento\intento-app\package.json
  ΓÇó rebuilding native dependencies  dependencies=@jitsi/robotjs@0.6.21 platform=win32 arch=x64
  ΓÇó packaging       platform=win32 arch=x64 electron=33.4.11 appOutDir=release\win-unpacked
  ΓÇó default Electron icon is used  reason=application icon is not set
  ΓÇó downloading     url=https://github.com/electron-userland/electron-builder-binaries/releases/download/winCodeSign-2.6.0/winCodeSign-2.6.0.7z size=5.6 MB parts=1
  ΓÇó downloaded      url=https://github.com/electron-userland/electron-builder-binaries/releases/download/winCodeSign-2.6.0/winCodeSign-2.6.0.7z duration=2.526s
  Γ¿» cannot execute  cause=exit status 2
                    out=
    7-Zip (a) 21.07 (x64) : Copyright (c) 1999-2021 Igor Pavlov : 2021-12-26
    
    Scanning the drive for archives:
    1 file, 5635384 bytes (5504 KiB)
    
    Extracting archive: C:\Users\FEROZ RAHIL\AppData\Local\electron-builder\Cache\winCodeSign\912127751.7z
    --
    Path = C:\Users\FEROZ RAHIL\AppData\Local\electron-builder\Cache\winCodeSign\912127751.7z
    Type = 7z
    Physical Size = 5635384
    Headers Size = 1492
    Method = LZMA2:24m LZMA:20 BCJ2
    Solid = +
    Blocks = 2
    
    
    Sub items Errors: 2
    
    Archives with Errors: 1
    
    Sub items Errors: 2
    
                    errorOut=ERROR: Cannot create symbolic link : A required privilege is not held by the client. : C:\Users\FEROZ RAHIL\AppData\Local\electron-builder\Cache\winCodeSign\912127751\darwin\10.12\lib\libcrypto.dylib
    ERROR: Cannot create symbolic link : A required privilege is not held by the client. : C:\Users\FEROZ RAHIL\AppData\Local\electron-builder\Cache\winCodeSign\912127751\darwin\10.12\lib\libssl.dylib
    
                    command='C:\Users\FEROZ RAHIL\Desktop\Intento\intento-app\node_modules\7zip-bin\win\x64\7za.exe' x -bd 'C:\Users\FEROZ RAHIL\AppData\Local\electron-builder\Cache\winCodeSign\912127751.7z' '-oC:\Users\FEROZ RAHIL\AppData\Local\electron-builder\Cache\winCodeSign\912127751'
                    workingDir=C:\Users\FEROZ RAHIL\AppData\Local\electron-builder\Cache\winCodeSign
  ΓÇó Above command failed, retrying 3 more times
  ΓÇó downloading     url=https://github.com/electron-userland/electron-builder-binaries/releases/download/winCodeSign-2.6.0/winCodeSign-2.6.0.7z size=5.6 MB parts=1
  ΓÇó downloaded      url=https://github.com/electron-userland/electron-builder-binaries/releases/download/winCodeSign-2.6.0/winCodeSign-2.6.0.7z duration=2.442s
  Γ¿» cannot execute  cause=exit status 2
                    out=
    7-Zip (a) 21.07 (x64) : Copyright (c) 1999-2021 Igor Pavlov : 2021-12-26
    
    Scanning the drive for archives:
    1 file, 5635384 bytes (5504 KiB)
    
    Extracting archive: C:\Users\FEROZ RAHIL\AppData\Local\electron-builder\Cache\winCodeSign\381019887.7z
    --
    Path = C:\Users\FEROZ RAHIL\AppData\Local\electron-builder\Cache\winCodeSign\381019887.7z
    Type = 7z
    Physical Size = 5635384
    Headers Size = 1492
    Method = LZMA2:24m LZMA:20 BCJ2
    Solid = +
    Blocks = 2
    
    
    Sub items Errors: 2
    
    Archives with Errors: 1
    
    Sub items Errors: 2
    
                    errorOut=ERROR: Cannot create symbolic link : A required privilege is not held by the client. : C:\Users\FEROZ RAHIL\AppData\Local\electron-builder\Cache\winCodeSign\381019887\darwin\10.12\lib\libcrypto.dylib
    ERROR: Cannot create symbolic link : A required privilege is not held by the client. : C:\Users\FEROZ RAHIL\AppData\Local\electron-builder\Cache\winCodeSign\381019887\darwin\10.12\lib\libssl.dylib
    
                    command='C:\Users\FEROZ RAHIL\Desktop\Intento\intento-app\node_modules\7zip-bin\win\x64\7za.exe' x -bd 'C:\Users\FEROZ RAHIL\AppData\Local\electron-builder\Cache\winCodeSign\381019887.7z' '-oC:\Users\FEROZ RAHIL\AppData\Local\electron-builder\Cache\winCodeSign\381019887'
                    workingDir=C:\Users\FEROZ RAHIL\AppData\Local\electron-builder\Cache\winCodeSign
  ΓÇó Above command failed, retrying 2 more times
  ΓÇó downloading     url=https://github.com/electron-userland/electron-builder-binaries/releases/download/winCodeSign-2.6.0/winCodeSign-2.6.0.7z size=5.6 MB parts=1
  ΓÇó downloaded      url=https://github.com/electron-userland/electron-builder-binaries/releases/download/winCodeSign-2.6.0/winCodeSign-2.6.0.7z duration=2.433s
  Γ¿» cannot execute  cause=exit status 2
                    out=
    7-Zip (a) 21.07 (x64) : Copyright (c) 1999-2021 Igor Pavlov : 2021-12-26
    
    Scanning the drive for archives:
    1 file, 5635384 bytes (5504 KiB)
    
    Extracting archive: C:\Users\FEROZ RAHIL\AppData\Local\electron-builder\Cache\winCodeSign\216899315.7z
    --
    Path = C:\Users\FEROZ RAHIL\AppData\Local\electron-builder\Cache\winCodeSign\216899315.7z
    Type = 7z
    Physical Size = 5635384
    Headers Size = 1492
    Method = LZMA2:24m LZMA:20 BCJ2
    Solid = +
    Blocks = 2
    
    
    Sub items Errors: 2
    
    Archives with Errors: 1
    
    Sub items Errors: 2
    
                    errorOut=ERROR: Cannot create symbolic link : A required privilege is not held by the client. : C:\Users\FEROZ RAHIL\AppData\Local\electron-builder\Cache\winCodeSign\216899315\darwin\10.12\lib\libcrypto.dylib
    ERROR: Cannot create symbolic link : A required privilege is not held by the client. : C:\Users\FEROZ RAHIL\AppData\Local\electron-builder\Cache\winCodeSign\216899315\darwin\10.12\lib\libssl.dylib
    
                    command='C:\Users\FEROZ RAHIL\Desktop\Intento\intento-app\node_modules\7zip-bin\win\x64\7za.exe' x -bd 'C:\Users\FEROZ RAHIL\AppData\Local\electron-builder\Cache\winCodeSign\216899315.7z' '-oC:\Users\FEROZ RAHIL\AppData\Local\electron-builder\Cache\winCodeSign\216899315'
                    workingDir=C:\Users\FEROZ RAHIL\AppData\Local\electron-builder\Cache\winCodeSign
  ΓÇó Above command failed, retrying 1 more times
  ΓÇó downloading     url=https://github.com/electron-userland/electron-builder-binaries/releases/download/winCodeSign-2.6.0/winCodeSign-2.6.0.7z size=5.6 MB parts=1
  ΓÇó downloaded      url=https://github.com/electron-userland/electron-builder-binaries/releases/download/winCodeSign-2.6.0/winCodeSign-2.6.0.7z duration=2.282s
  Γ¿» cannot execute  cause=exit status 2
                    out=
    7-Zip (a) 21.07 (x64) : Copyright (c) 1999-2021 Igor Pavlov : 2021-12-26
    
    Scanning the drive for archives:
    1 file, 5635384 bytes (5504 KiB)
    
    Extracting archive: C:\Users\FEROZ RAHIL\AppData\Local\electron-builder\Cache\winCodeSign\509472399.7z
    --
    Path = C:\Users\FEROZ RAHIL\AppData\Local\electron-builder\Cache\winCodeSign\509472399.7z
    Type = 7z
    Physical Size = 5635384
    Headers Size = 1492
    Method = LZMA2:24m LZMA:20 BCJ2
    Solid = +
    Blocks = 2
    
    
    Sub items Errors: 2
    
    Archives with Errors: 1
    
    Sub items Errors: 2
    
                    errorOut=ERROR: Cannot create symbolic link : A required privilege is not held by the client. : C:\Users\FEROZ RAHIL\AppData\Local\electron-builder\Cache\winCodeSign\509472399\darwin\10.12\lib\libcrypto.dylib
    ERROR: Cannot create symbolic link : A required privilege is not held by the client. : C:\Users\FEROZ RAHIL\AppData\Local\electron-builder\Cache\winCodeSign\509472399\darwin\10.12\lib\libssl.dylib
    
                    command='C:\Users\FEROZ RAHIL\Desktop\Intento\intento-app\node_modules\7zip-bin\win\x64\7za.exe' x -bd 'C:\Users\FEROZ RAHIL\AppData\Local\electron-builder\Cache\winCodeSign\509472399.7z' '-oC:\Users\FEROZ RAHIL\AppData\Local\electron-builder\Cache\winCodeSign\509472399'
                    workingDir=C:\Users\FEROZ RAHIL\AppData\Local\electron-builder\Cache\winCodeSign
  ΓÇó Above command failed, retrying 0 more times
